// Jest Snapshot v1, https://goo.gl/fbAQLP

exports[`renders a NetworkPill with border 1`] = `
<View
  style={
    Array [
      Object {
        "alignItems": "center",
        "backgroundColor": "#C0C7DE",
        "borderColor": "transparent",
        "borderRadius": 999999,
        "borderWidth": 1,
        "display": "flex",
        "flexDirection": "row",
        "height": 36,
        "justifyContent": "center",
        "paddingHorizontal": 10,
        "paddingVertical": 6,
      },
      Object {
        "backgroundColor": "#EF368E1a",
        "borderColor": "#EF368E",
      },
    ]
  }
>
  <View
    style={
      Array [
        Object {
          "borderRadius": 999999,
          "borderWidth": 0,
          "display": "flex",
          "marginRight": 6,
        },
        Object {
          "borderColor": "#EF368E",
        },
      ]
    }
  >
    <Image
      source={
        Object {
          "process": [Function],
        }
      }
      style={
        Array [
          Object {
            "backgroundColor": "slategrey",
            "resizeMode": "cover",
          },
          Object {
            "borderRadius": 8,
            "height": 16,
            "width": 16,
          },
        ]
      }
    />
  </View>
  <View
    style={
      Array [
        Object {
          "display": "flex",
          "flexGrow": 0,
          "flexShrink": 0,
          "width": 6,
        },
      ]
    }
  />
  <Text
    style={
      Array [
        Object {
          "color": "#070A15",
          "display": "flex",
          "fontFamily": "Inter-Regular",
          "fontSize": 14,
          "lineHeight": 20,
        },
        Object {
          "color": "#EF368E",
        },
      ]
    }
  >
    Rinkeby
  </Text>
</View>
`;

exports[`renders a NetworkPill without image 1`] = `
<View
  style={
    Array [
      Object {
        "alignItems": "center",
        "backgroundColor": "#C0C7DE",
        "borderColor": "transparent",
        "borderRadius": 999999,
        "borderWidth": 1,
        "display": "flex",
        "flexDirection": "row",
        "height": 36,
        "justifyContent": "center",
        "paddingHorizontal": 10,
        "paddingVertical": 6,
      },
      Object {
        "backgroundColor": "#EF368E1a",
        "borderColor": "transparent",
      },
    ]
  }
>
  <View
    style={
      Array [
        Object {
          "borderRadius": 999999,
          "borderWidth": 0,
          "display": "flex",
          "marginRight": 6,
        },
        Object {
          "borderColor": "#EF368E",
        },
      ]
    }
  >
    <Image
      source={
        Object {
          "process": [Function],
        }
      }
      style={
        Array [
          Object {
            "backgroundColor": "slategrey",
            "resizeMode": "cover",
          },
          Object {
            "borderRadius": 8,
            "height": 16,
            "width": 16,
          },
        ]
      }
    />
  </View>
  <View
    style={
      Array [
        Object {
          "display": "flex",
          "flexGrow": 0,
          "flexShrink": 0,
          "width": 6,
        },
      ]
    }
  />
  <Text
    style={
      Array [
        Object {
          "color": "#070A15",
          "display": "flex",
          "fontFamily": "Inter-Regular",
          "fontSize": 14,
          "lineHeight": 20,
        },
        Object {
          "color": "#EF368E",
        },
      ]
    }
  >
    Rinkeby
  </Text>
</View>
`;
