// Jest Snapshot v1, https://goo.gl/fbAQLP

exports[`AccountList renders without error 1`] = `
<View
  style={
    Array [
      Object {
        "display": "flex",
        "flexShrink": 1,
        "position": "relative",
      },
    ]
  }
>
  <RCTScrollView
    ListFooterComponent={
      <ForwardRef
        height={24}
      />
    }
    ListHeaderComponent={
      <Flex
        alignItems="center"
        bg="background0"
        borderBottomColor="backgroundOutline"
        pb="sm"
        row={true}
      >
        <ForwardRef
          flex={1}
        >
          <Text
            color="textPrimary"
            px="lg"
            variant="bodyLarge"
          >
            Your wallets
          </Text>
        </ForwardRef>
        <TouchableArea
          borderColor="backgroundOutline"
          borderRadius="full"
          borderWidth={1}
          mr="md"
          onPress={[Function]}
          p="xs"
        >
          <SvgPlus
            color="#505A78"
            height={12}
            width={12}
          />
        </TouchableArea>
      </Flex>
    }
    bounces={false}
    data={
      Array [
        Object {
          "account": Object {
            "address": "0xf39Fd6e51aad88F6F4ce6aB8827279cffFb92266",
            "derivationIndex": 0,
            "mnemonicId": "0xf39Fd6e51aad88F6F4ce6aB8827279cffFb92266",
            "name": "Test Account",
            "timeImportedMs": 10,
            "type": "signerMnemonic",
          },
          "isPortfolioValueLoading": false,
          "portfolioValue": 55,
        },
      ]
    }
    getItem={[Function]}
    getItemCount={[Function]}
    keyExtractor={[Function]}
    onContentSizeChange={[Function]}
    onLayout={[Function]}
    onMomentumScrollBegin={[Function]}
    onMomentumScrollEnd={[Function]}
    onScroll={[Function]}
    onScrollBeginDrag={[Function]}
    onScrollEndDrag={[Function]}
    removeClippedSubviews={false}
    renderItem={[Function]}
    scrollEventThrottle={50}
    showsVerticalScrollIndicator={false}
    stickyHeaderIndices={
      Array [
        0,
      ]
    }
    viewabilityConfigCallbackPairs={Array []}
  >
    <View>
      <View
        onLayout={[Function]}
      >
        <View
          style={
            Array [
              Object {
                "alignItems": "center",
                "backgroundColor": "#FFFFFF",
                "borderBottomColor": "#D2D9EE",
                "display": "flex",
                "flexDirection": "row",
                "justifyContent": "flex-start",
                "paddingBottom": 12,
              },
            ]
          }
        >
          <View
            style={
              Array [
                Object {
                  "display": "flex",
                  "flex": 1,
                },
              ]
            }
          >
            <Text
              allowFontScaling={true}
              maxFontSizeMultiplier={1.4}
              style={
                Array [
                  Object {
                    "color": "#0D111C",
                    "display": "flex",
                    "fontFamily": "Inter-Medium",
                    "fontSize": 16,
                    "lineHeight": 24,
                    "paddingHorizontal": 24,
                  },
                ]
              }
            >
              Your wallets
            </Text>
          </View>
          <View
            style={
              Array [
                Object {
                  "display": "flex",
                  "flexGrow": 0,
                  "flexShrink": 0,
                  "height": 16,
                  "width": 16,
                },
              ]
            }
          />
          <View
            accessible={true}
            collapsable={false}
            focusable={true}
            hitSlop={
              Object {
                "bottom": 5,
                "left": 5,
                "right": 5,
                "top": 5,
              }
            }
            onClick={[Function]}
            onResponderGrant={[Function]}
            onResponderMove={[Function]}
            onResponderRelease={[Function]}
            onResponderTerminate={[Function]}
            onResponderTerminationRequest={[Function]}
            onStartShouldSetResponder={[Function]}
            style={
              Object {
                "borderColor": "#D2D9EE",
                "borderRadius": 999999,
                "borderWidth": 1,
                "display": "flex",
                "marginRight": 16,
                "opacity": 1,
                "padding": 8,
              }
            }
          >
            <svg
              color="#505A78"
              data-file-name="SvgPlus"
              height={12}
              width={12}
            />
          </View>
        </View>
      </View>
      <View
        onLayout={[Function]}
        style={null}
      >
        <View
          accessible={true}
          collapsable={false}
          focusable={true}
          hitSlop={
            Object {
              "bottom": 5,
              "left": 5,
              "right": 5,
              "top": 5,
            }
          }
          onClick={[Function]}
          onResponderGrant={[Function]}
          onResponderMove={[Function]}
          onResponderRelease={[Function]}
          onResponderTerminate={[Function]}
          onResponderTerminationRequest={[Function]}
          onStartShouldSetResponder={[Function]}
          style={
            Object {
              "display": "flex",
              "opacity": 1,
              "paddingBottom": 12,
              "paddingHorizontal": 24,
              "paddingTop": 8,
            }
          }
        >
          <View
            style={
              Array [
                Object {
                  "alignItems": "center",
                  "display": "flex",
                  "flexDirection": "row",
                  "justifyContent": "flex-start",
                },
              ]
            }
            testID="account_item/0xf39Fd6e51aad88F6F4ce6aB8827279cffFb92266"
          >
            <View
              style={
                Array [
                  Object {
                    "alignItems": "center",
                    "display": "flex",
                    "flexDirection": "row",
                    "flexShrink": 1,
                    "justifyContent": "flex-start",
                  },
                ]
              }
            >
              <View
                style={
                  Array [
                    Object {
                      "display": "flex",
                      "position": "relative",
                    },
                  ]
                }
              >
                <View
                  style={
                    Array [
                      Object {
                        "backgroundColor": "transparent",
                        "borderColor": "transparent",
                        "borderRadius": 999999,
                        "borderWidth": 0,
                        "display": "flex",
                        "position": "relative",
                      },
                      Object {
                        "padding": 0,
                      },
                    ]
                  }
                >
                  <View
                    style={
                      Array [
                        Object {
                          "display": "flex",
                          "height": 28,
                          "width": 28,
                        },
                      ]
                    }
                  >
                    <View
                      style={
                        Object {
                          "flex": 1,
                        }
                      }
                    >
                      <View
                        clip={true}
                        mask={
                          <UniconMask
                            attributeData={
                              Object {
                                "0": "#5CFE9D",
                                "1": "#B8C3B7",
                                "2": Array [
                                  Object {
                                    "path": "M34 20C34 28.8366 26.8366 36 18 36C9.16344 36 2 28.8366 2 20L2 -3.8147e-06L34 -1.01717e-06V20Z",
                                  },
                                ],
                                "3": Array [
                                  Object {
                                    "fillType": "evenOdd",
                                    "path": "M16 8C12.2937 6.62854 9.37146 3.70632 8 0C6.62854 3.70632 3.70632 6.62854 0 8C3.70632 9.37146 6.62854 12.2937 8 16C9.37146 12.2937 12.2937 9.37146 16 8ZM8 11C9.65685 11 11 9.65685 11 8C11 6.34315 9.65685 5 8 5C6.34315 5 5 6.34315 5 8C5 9.65685 6.34315 11 8 11Z",
                                  },
                                ],
                              }
                            }
                            size={28}
                          />
                        }
                      >
                        <View
                          transform={
                            Array [
                              Object {
                                "scale": 0.7567567567567568,
                              },
                            ]
                          }
                        >
                          <View
                            height={37}
                            width={37}
                            x={0}
                            y={0}
                          >
                            <View
                              colors={
                                Array [
                                  "#5CFE9D",
                                  "#B8C3B7",
                                ]
                              }
                              end={null}
                              start={null}
                            />
                          </View>
                          <View
                            color="#EDE590"
                            cx={18.5}
                            cy={-13.36111111111111}
                            r={30.833333333333336}
                          >
                            <View
                              blur={15}
                            />
                          </View>
                        </View>
                      </View>
                      <View
                        clip={true}
                        mask={
                          <UniconMask
                            attributeData={
                              Object {
                                "0": "#5CFE9D",
                                "1": "#B8C3B7",
                                "2": Array [
                                  Object {
                                    "path": "M34 20C34 28.8366 26.8366 36 18 36C9.16344 36 2 28.8366 2 20L2 -3.8147e-06L34 -1.01717e-06V20Z",
                                  },
                                ],
                                "3": Array [
                                  Object {
                                    "fillType": "evenOdd",
                                    "path": "M16 8C12.2937 6.62854 9.37146 3.70632 8 0C6.62854 3.70632 3.70632 6.62854 0 8C3.70632 9.37146 6.62854 12.2937 8 16C9.37146 12.2937 12.2937 9.37146 16 8ZM8 11C9.65685 11 11 9.65685 11 8C11 6.34315 9.65685 5 8 5C6.34315 5 5 6.34315 5 8C5 9.65685 6.34315 11 8 11Z",
                                  },
                                ],
                              }
                            }
                            overlay={true}
                            size={28}
                          />
                        }
                      >
                        <View
                          color="#000000"
                          height={37}
                          opacity={0.08}
                          width={37}
                          x={0}
                          y={0}
                        />
                      </View>
                    </View>
                  </View>
                </View>
              </View>
              <View
                style={
                  Array [
                    Object {
                      "display": "flex",
                      "flexGrow": 0,
                      "flexShrink": 0,
                      "height": 16,
                      "width": 16,
                    },
                  ]
                }
              />
              <View
                style={
                  Array [
                    Object {
                      "alignItems": "stretch",
                      "display": "flex",
                      "flex": 1,
                      "flexDirection": "column",
                      "justifyContent": "flex-start",
                    },
                  ]
                }
              >
                <Text
                  allowFontScaling={true}
                  maxFontSizeMultiplier={1.4}
                  numberOfLines={1}
                  style={
                    Array [
                      Object {
                        "color": "#0D111C",
                        "display": "flex",
                        "fontFamily": "Inter-Medium",
                        "fontSize": 16,
                        "lineHeight": 24,
                      },
                    ]
                  }
                >
                  0x​f39F...2266
                </Text>
                <View
                  style={
                    Array [
                      Object {
                        "display": "flex",
                        "flexGrow": 0,
                        "flexShrink": 0,
                        "height": 0,
                      },
                    ]
                  }
                />
                <Text
                  allowFontScaling={true}
                  maxFontSizeMultiplier={1.4}
                  style={
                    Array [
                      Object {
                        "color": "#505A78",
                        "display": "flex",
                        "fontFamily": "Inter-Regular",
                        "fontSize": 14,
                        "lineHeight": 20,
                      },
                    ]
                  }
                >
                  $55
                  <Text
                    allowFontScaling={true}
                    maxFontSizeMultiplier={1.4}
                    style={
                      Array [
                        Object {
                          "color": "#888FAB",
                          "display": "flex",
                          "fontFamily": "Inter-Regular",
                          "fontSize": 14,
                          "lineHeight": 20,
                        },
                      ]
                    }
                  >
                    .
                    00
                  </Text>
                </Text>
              </View>
            </View>
            <View
              style={
                Array [
                  Object {
                    "display": "flex",
                    "flexGrow": 0,
                    "flexShrink": 0,
                    "height": 16,
                    "width": 16,
                  },
                ]
              }
            />
            <View
              style={
                Array [
                  Object {
                    "alignItems": "center",
                    "display": "flex",
                    "flexDirection": "row",
                    "justifyContent": "flex-start",
                  },
                ]
              }
            />
          </View>
        </View>
      </View>
      <View
        onLayout={[Function]}
      >
        <View
          style={
            Array [
              Object {
                "display": "flex",
                "height": 24,
              },
            ]
          }
        />
      </View>
    </View>
  </RCTScrollView>
  ExpoLinearGradient
</View>
`;
