// Jest Snapshot v1, https://goo.gl/fbAQLP

exports[`renders wallet loader 1`] = `
<View
  sentry-label="WalletLoader"
  style={
    {
      "alignItems": "center",
      "borderBottomColor": "#2222220D",
      "borderBottomLeftRadius": 20,
      "borderBottomRightRadius": 20,
      "borderBottomWidth": 1,
      "borderLeftColor": "#2222220D",
      "borderLeftWidth": 1,
      "borderRightColor": "#2222220D",
      "borderRightWidth": 1,
      "borderStyle": "solid",
      "borderTopColor": "#2222220D",
      "borderTopLeftRadius": 20,
      "borderTopRightRadius": 20,
      "borderTopWidth": 1,
      "flexDirection": "row",
      "gap": 16,
      "justifyContent": "flex-start",
      "opacity": 1,
      "overflow": "hidden",
      "paddingBottom": 16,
      "paddingLeft": 16,
      "paddingRight": 16,
      "paddingTop": 16,
    }
  }
>
  <View
    style={
      {
        "alignItems": "center",
        "flexDirection": "row",
        "gap": 12,
        "height": 36,
      }
    }
  >
    <View
      style={
        {
          "alignItems": "stretch",
          "backgroundColor": "#2222220D",
          "borderBottomLeftRadius": 999999,
          "borderBottomRightRadius": 999999,
          "borderTopLeftRadius": 999999,
          "borderTopRightRadius": 999999,
          "flexDirection": "column",
          "gap": 0,
          "height": 32,
          "width": 32,
        }
      }
    />
    <View
      style={
        {
          "alignItems": "flex-start",
          "flexDirection": "column",
          "gap": 0,
          "width": "100%",
        }
      }
    >
      <View
        onLayout={[Function]}
      >
        <View
          style={
            {
              "alignItems": "center",
              "flexDirection": "row",
              "gap": 16,
            }
          }
        >
          <View
            style={
              {
                "alignItems": "center",
                "flexDirection": "row",
                "gap": 16,
                "position": "relative",
              }
            }
          >
            <View
              accessibilityElementsHidden={true}
              importantForAccessibility="no-hide-descendants"
            >
              <Text
                allowFontScaling={true}
                maxFontSizeMultiplier={1.4}
                style={
                  [
                    {
                      "color": "transparent",
                      "display": "flex",
                      "fontFamily": "Basel-Book",
                      "fontSize": 19,
                      "fontWeight": "400",
                      "lineHeight": 24,
                      "opacity": 0,
                    },
                  ]
                }
              >
                Wallet Nickname
              </Text>
            </View>
            <View
              style={
                {
                  "alignItems": "stretch",
                  "backgroundColor": "#2222220D",
                  "borderBottomLeftRadius": 4,
                  "borderBottomRightRadius": 4,
                  "borderTopLeftRadius": 4,
                  "borderTopRightRadius": 4,
                  "bottom": "5%",
                  "flexDirection": "column",
                  "gap": 0,
                  "left": 0,
                  "position": "absolute",
                  "right": 0,
                  "top": "5%",
                }
              }
            />
          </View>
        </View>
      </View>
      <View
        onLayout={[Function]}
      >
        <View
          style={
            {
              "alignItems": "center",
              "flexDirection": "row",
              "gap": 16,
            }
          }
        >
          <View
            style={
              {
                "alignItems": "center",
                "flexDirection": "row",
                "gap": 16,
                "position": "relative",
              }
            }
          >
            <View
              accessibilityElementsHidden={true}
              importantForAccessibility="no-hide-descendants"
            >
              <Text
                allowFontScaling={true}
                maxFontSizeMultiplier={1.4}
                style={
                  [
                    {
                      "color": "transparent",
                      "display": "flex",
                      "fontFamily": "Basel-Book",
                      "fontSize": 17,
                      "fontWeight": "400",
                      "lineHeight": 24,
                      "opacity": 0,
                    },
                  ]
                }
              >
                0xaaaa...aaaa
              </Text>
            </View>
            <View
              style={
                {
                  "alignItems": "stretch",
                  "backgroundColor": "#2222220D",
                  "borderBottomLeftRadius": 4,
                  "borderBottomRightRadius": 4,
                  "borderTopLeftRadius": 4,
                  "borderTopRightRadius": 4,
                  "bottom": "5%",
                  "flexDirection": "column",
                  "gap": 0,
                  "left": 0,
                  "position": "absolute",
                  "right": 0,
                  "top": "5%",
                }
              }
            />
          </View>
        </View>
      </View>
    </View>
  </View>
</View>
`;
