// Jest Snapshot v1, https://goo.gl/fbAQLP

exports[`renders a relative change 1`] = `
<View
  style={
    Array [
      Object {
        "alignItems": "center",
        "display": "flex",
        "flexDirection": "row",
        "justifyContent": "flex-end",
      },
    ]
  }
>
  <svg
    color="#40B66B"
    data-file-name="SvgArrowDown"
    height={16}
    strokeWidth={2}
    style={
      Object {
        "transform": Array [
          Object {
            "rotate": "225deg",
          },
        ],
      }
    }
    width={16}
  />
  <View
    style={
      Array [
        Object {
          "display": "flex",
          "flexGrow": 0,
          "flexShrink": 0,
          "height": 4,
          "width": 4,
        },
      ]
    }
  />
  <Text
    maxFontSizeMultiplier={1.4}
    style={
      Array [
        Object {
          "color": "#505A78",
          "display": "flex",
          "fontFamily": "Inter-Medium",
          "fontSize": 14,
          "lineHeight": 20,
        },
      ]
    }
  >
    12.00%
     
    
  </Text>
</View>
`;

exports[`renders placeholders with absolute change 1`] = `
<View
  style={
    Array [
      Object {
        "alignItems": "center",
        "display": "flex",
        "flexDirection": "row",
        "justifyContent": "flex-end",
      },
    ]
  }
>
  <svg
    color="#40B66B"
    data-file-name="SvgArrowDown"
    height={16}
    strokeWidth={2}
    style={
      Object {
        "transform": Array [
          Object {
            "rotate": "225deg",
          },
        ],
      }
    }
    width={16}
  />
  <View
    style={
      Array [
        Object {
          "display": "flex",
          "flexGrow": 0,
          "flexShrink": 0,
          "height": 4,
          "width": 4,
        },
      ]
    }
  />
  <Text
    maxFontSizeMultiplier={1.4}
    style={
      Array [
        Object {
          "color": "#505A78",
          "display": "flex",
          "fontFamily": "Inter-Medium",
          "fontSize": 14,
          "lineHeight": 20,
        },
      ]
    }
  >
    12.00%
     
    ($100.00)
  </Text>
</View>
`;

exports[`renders placeholders without a change 1`] = `
<View
  style={
    Array [
      Object {
        "alignItems": "center",
        "display": "flex",
        "flexDirection": "row",
        "justifyContent": "flex-end",
      },
    ]
  }
>
  <Text
    maxFontSizeMultiplier={1.4}
    style={
      Array [
        Object {
          "color": "#505A78",
          "display": "flex",
          "fontFamily": "Inter-Medium",
          "fontSize": 14,
          "lineHeight": 20,
        },
      ]
    }
  >
    -
     
    
  </Text>
</View>
`;
