// Jest Snapshot v1, https://goo.gl/fbAQLP

exports[`GenericImportForm renders a placeholder when there is no value 1`] = `
<View
  onTouchEnd={[Function]}
  style={
    {
      "alignItems": "stretch",
      "flexDirection": "column",
      "gap": 16,
    }
  }
>
  <View
    style={
      {
        "alignItems": "center",
        "backgroundColor": "#F9F9F9",
        "borderBottomColor": "#F9F9F9",
        "borderBottomLeftRadius": 20,
        "borderBottomRightRadius": 20,
        "borderBottomWidth": 1,
        "borderLeftColor": "#F9F9F9",
        "borderLeftWidth": 1,
        "borderRightColor": "#F9F9F9",
        "borderRightWidth": 1,
        "borderStyle": "solid",
        "borderTopColor": "#F9F9F9",
        "borderTopLeftRadius": 20,
        "borderTopRightRadius": 20,
        "borderTopWidth": 1,
        "flexDirection": "column",
        "flexShrink": 1,
        "justifyContent": "center",
        "minHeight": 120,
        "paddingBottom": 16,
        "paddingLeft": 36,
        "paddingRight": 36,
        "paddingTop": 16,
        "width": "100%",
      }
    }
  >
    <View
      style={
        {
          "alignItems": "flex-end",
          "flexDirection": "row",
          "justifyContent": "center",
          "width": "100%",
        }
      }
    >
      <TextInput
        autoCapitalize="none"
        autoComplete="off"
        autoCorrect={false}
        autoFocus={true}
        blurOnSubmit={false}
        maxFontSizeMultiplier={1.4}
        multiline={true}
        onBlur={[Function]}
        onChangeText={[Function]}
        onFocus={[Function]}
        onSubmitEditing={[Function]}
        placeholderTextColor="#CECECE"
        returnKeyType="done"
        scrollEnabled={false}
        selectionColor="#222222"
        spellCheck={false}
        style={
          [
            {
              "backgroundColor": "transparent",
              "borderRadius": 12,
              "color": "#222222",
              "fontSize": 19,
              "justifyContent": "center",
              "lineHeight": 19,
              "paddingHorizontal": 0,
              "paddingVertical": 0,
              "textAlign": "center",
              "width": 8,
            },
          ]
        }
        testID="import_account_form/input"
        textAlignVertical="bottom"
      />
    </View>
    <View
      onLayout={[Function]}
      style={
        {
          "alignItems": "center",
          "flexDirection": "row",
          "flexGrow": 1,
          "gap": 8,
          "justifyContent": "center",
          "paddingTop": 4,
          "position": "absolute",
        }
      }
    >
      <Text
        adjustsFontSizeToFit={true}
        allowFontScaling={true}
        maxFontSizeMultiplier={1.4}
        numberOfLines={1}
        style={
          {
            "color": "#7D7D7D",
            "display": "flex",
            "flexShrink": 1,
            "fontFamily": "Basel-Book",
            "fontSize": 19,
            "lineHeight": 24,
          }
        }
        suppressHighlighting={true}
      >
        Type or
      </Text>
      <View
        accessibilityState={
          {
            "busy": undefined,
            "checked": undefined,
            "disabled": undefined,
            "expanded": undefined,
            "selected": undefined,
          }
        }
        accessibilityValue={
          {
            "max": undefined,
            "min": undefined,
            "now": undefined,
            "text": undefined,
          }
        }
        accessible={true}
        collapsable={false}
        focusable={true}
        hitSlop={
          {
            "bottom": 5,
            "left": 5,
            "right": 5,
            "top": 5,
          }
        }
        onClick={[Function]}
        onResponderGrant={[Function]}
        onResponderMove={[Function]}
        onResponderRelease={[Function]}
        onResponderTerminate={[Function]}
        onResponderTerminationRequest={[Function]}
        onStartShouldSetResponder={[Function]}
        style={
          {
            "alignItems": "center",
            "backgroundColor": "transparent",
            "borderColor": "#2222220D",
            "borderRadius": 12,
            "borderWidth": 1,
            "disabled": false,
            "flex": undefined,
            "onLongPress": undefined,
            "onPressIn": undefined,
            "opacity": 1,
          }
        }
      >
        <View
          sentry-label="Flex"
          style={
            [
              {
                "alignItems": "center",
                "display": "flex",
                "flexDirection": "row",
                "justifyContent": "flex-start",
                "paddingHorizontal": 8,
                "paddingVertical": 8,
              },
            ]
          }
        >
          <svg
            color="#222222"
            data-file-name="SvgPaste"
            height={16}
            strokeWidth={2}
            width={16}
          />
          <View
            style={
              [
                {
                  "display": "flex",
                  "flexGrow": 0,
                  "flexShrink": 0,
                  "height": 4,
                  "width": 4,
                },
              ]
            }
          />
          <Text
            allowFontScaling={true}
            maxFontSizeMultiplier={1.2}
            style={
              [
                {
                  "color": "#222222",
                  "display": "flex",
                  "fontFamily": "Basel-Medium",
                  "fontSize": 17,
                  "fontWeight": "500",
                  "lineHeight": 24,
                  "textAlign": "center",
                },
              ]
            }
          >
            Paste
          </Text>
        </View>
      </View>
      <Text
        adjustsFontSizeToFit={true}
        allowFontScaling={true}
        numberOfLines={1}
        style={
          {
            "color": "#7D7D7D",
            "display": "flex",
            "flexShrink": 1,
            "fontFamily": "Basel-Book",
            "fontSize": 19,
            "lineHeight": 24,
          }
        }
        suppressHighlighting={true}
      >
        seed phrase
      </Text>
    </View>
  </View>
  <View
    style={
      {
        "alignItems": "stretch",
        "flexDirection": "column",
      }
    }
  />
</View>
`;
