// Jest Snapshot v1, https://goo.gl/fbAQLP

exports[`renders a LongText 1`] = `
<View
  style={
    {
      "alignItems": "stretch",
      "flexDirection": "column",
      "gap": 8,
    }
  }
>
  <View
    onLayout={[Function]}
    style={
      {
        "alignItems": "stretch",
        "flexDirection": "column",
        "gap": 0,
      }
    }
  >
    <Text
      allowFontScaling={true}
      maxFontSizeMultiplier={1.4}
      numberOfLines={3}
      onTextLayout={[Function]}
      style={
        [
          {
            "color": "#222222",
            "display": "flex",
            "fontFamily": "Basel-Book",
            "fontSize": 17,
            "fontWeight": "400",
            "lineHeight": 24,
          },
          {
            "color": "#222222",
          },
        ]
      }
    >
      Some very long text
    </Text>
  </View>
</View>
`;
