// Jest Snapshot v1, https://goo.gl/fbAQLP

exports[`BuyCell renders add to bag button 1`] = `undefined`;
