// Jest Snapshot v1, https://goo.gl/fbAQLP

exports[`Header loads with asset with a sell order 1`] = `
<DocumentFragment>
  .c0 {
  box-sizing: border-box;
  margin: 0;
  min-width: 0;
}

.c9 {
  box-sizing: border-box;
  margin: 0;
  min-width: 0;
  justify-self: flex-end;
  width: -webkit-min-content;
  width: -moz-min-content;
  width: min-content;
}

.c12 {
  box-sizing: border-box;
  margin: 0;
  min-width: 0;
  -webkit-appearance: none;
  -moz-appearance: none;
  appearance: none;
  display: inline-block;
  text-align: center;
  line-height: inherit;
  -webkit-text-decoration: none;
  text-decoration: none;
  font-size: inherit;
  padding-left: 16px;
  padding-right: 16px;
  padding-top: 8px;
  padding-bottom: 8px;
  color: white;
  background-color: primary;
  border: 0;
  border-radius: 4px;
}

.c1 {
  width: 100%;
  display: -webkit-box;
  display: -webkit-flex;
  display: -ms-flexbox;
  display: flex;
  padding: 0;
  -webkit-align-items: center;
  -webkit-box-align: center;
  -ms-flex-align: center;
  align-items: center;
  -webkit-box-pack: start;
  -webkit-justify-content: flex-start;
  -ms-flex-pack: start;
  justify-content: flex-start;
}

.c6 {
  width: 100%;
  display: -webkit-box;
  display: -webkit-flex;
  display: -ms-flexbox;
  display: flex;
  padding: 0;
  -webkit-align-items: center;
  -webkit-box-align: center;
  -ms-flex-align: center;
  align-items: center;
  -webkit-box-pack: start;
  -webkit-justify-content: flex-start;
  -ms-flex-pack: start;
  justify-content: flex-start;
  gap: 4px;
}

.c10 {
  width: -webkit-min-content;
  width: -moz-min-content;
  width: min-content;
  display: -webkit-box;
  display: -webkit-flex;
  display: -ms-flexbox;
  display: flex;
  padding: 0;
  -webkit-align-items: center;
  -webkit-box-align: center;
  -ms-flex-align: center;
  align-items: center;
  -webkit-box-pack: start;
  -webkit-justify-content: flex-start;
  -ms-flex-pack: start;
  justify-content: flex-start;
  gap: 12px;
}

.c7 {
  color: #7780A0;
}

.c8 {
  color: #0D111C;
}

.c4 {
  display: -webkit-box;
  display: -webkit-flex;
  display: -ms-flexbox;
  display: flex;
  -webkit-flex-direction: column;
  -ms-flex-direction: column;
  flex-direction: column;
  -webkit-box-pack: start;
  -webkit-justify-content: flex-start;
  -ms-flex-pack: start;
  justify-content: flex-start;
}

.c13 {
  padding: 16px;
  width: 100%;
  font-weight: 500;
  text-align: center;
  border-radius: 20px;
  outline: none;
  border: 1px solid transparent;
  color: #0D111C;
  -webkit-text-decoration: none;
  text-decoration: none;
  display: -webkit-box;
  display: -webkit-flex;
  display: -ms-flexbox;
  display: flex;
  -webkit-box-pack: center;
  -webkit-justify-content: center;
  -ms-flex-pack: center;
  justify-content: center;
  -webkit-flex-wrap: nowrap;
  -ms-flex-wrap: nowrap;
  flex-wrap: nowrap;
  -webkit-align-items: center;
  -webkit-box-align: center;
  -ms-flex-align: center;
  align-items: center;
  cursor: pointer;
  position: relative;
  z-index: 1;
  will-change: transform;
  -webkit-transition: -webkit-transform 450ms ease;
  -webkit-transition: transform 450ms ease;
  transition: transform 450ms ease;
  -webkit-transform: perspective(1px) translateZ(0);
  -ms-transform: perspective(1px) translateZ(0);
  transform: perspective(1px) translateZ(0);
}

.c13:disabled {
  opacity: 50%;
  cursor: auto;
  pointer-events: none;
}

.c13 > * {
  -webkit-user-select: none;
  -moz-user-select: none;
  -ms-user-select: none;
  user-select: none;
}

.c13 > a {
  -webkit-text-decoration: none;
  text-decoration: none;
}

.c14 {
  background-color: #FB118E;
  font-size: 20px;
  font-weight: 600;
  padding: 16px;
  color: #F5F6FC;
}

.c14:focus {
  box-shadow: 0 0 0 1pt #ee0481;
  background-color: #ee0481;
}

.c14:hover {
  background-color: #ee0481;
}

.c14:active {
  box-shadow: 0 0 0 1pt #d50474;
  background-color: #d50474;
}

.c14:disabled {
  background-color: #E8ECFB;
  color: #7780A0;
  cursor: auto;
  box-shadow: none;
  border: 1px solid transparent;
  outline: none;
}

.c15 {
  background: none;
  border: none;
  border-radius: 0px;
  padding: 16px;
  display: -webkit-box;
  display: -webkit-flex;
  display: -ms-flexbox;
  display: flex;
  -webkit-flex-direction: row;
  -ms-flex-direction: row;
  flex-direction: row;
  gap: 8px;
  line-height: 24px;
  white-space: nowrap;
}

.c16 {
  width: 100%;
  -webkit-transition: 250ms;
  transition: 250ms;
  -webkit-flex-shrink: 0;
  -ms-flex-negative: 0;
  flex-shrink: 0;
  will-change: width;
}

.c11 {
  width: 100%;
  background-color: #FB118E;
  border-radius: 16px;
  overflow: hidden;
  white-space: nowrap;
}

.c2 {
  gap: 24px;
}

.c3 {
  width: 96px;
  height: 96px;
  border-radius: 20px;
  object-fit: cover;
}

.c5 {
  gap: 4px;
  margin-right: auto;
}

@media screen and (min-width:396px) {
  .c11 {
    width: -webkit-min-content;
    width: -moz-min-content;
    width: min-content;
  }
}

@media screen and (max-width:1024px) {
  .c3 {
    display: none;
  }
}

<div
    class="c0 c1 c2"
  >
    <img
      class="c3"
      src="https://cdn.center.app/1/0xED5AF388653567Af2F388E6224dC7C4b3241C544/3318/50ed67ad647d0aa0cad0b830d136a677efc2fb72a44587bc35f2a5fb334a7fdf.png"
    />
    <div
      class="c4 c5"
    >
      <div
        class="c0 c6"
      >
        <div
          class="c7 css-1aekuku"
        >
          Azuki
        </div>
        <svg
          fill="none"
          height="16px"
          viewBox="0 0 20 20"
          width="16px"
          xmlns="http://www.w3.org/2000/svg"
        >
          <path
            d="M4.52795 13.8056C4.52719 14.4043 4.6712 14.8474 4.95997 15.135C5.24798 15.4233 5.68496 15.5651 6.27091 15.5605H7.57497C7.62945 15.5585 7.68379 15.5676 7.73463 15.5873C7.78547 15.607 7.83176 15.6369 7.87062 15.6752L8.79884 16.5928C9.22054 17.0142 9.63382 17.2237 10.0387 17.2214C10.4436 17.2191 10.8569 17.0096 11.2786 16.5928L12.1954 15.6752C12.2356 15.6365 12.2832 15.6063 12.3354 15.5866C12.3876 15.5669 12.4433 15.558 12.499 15.5605H13.7951C14.3871 15.5613 14.8283 15.4171 15.1186 15.1281C15.4089 14.839 15.5541 14.3959 15.5541 13.7987V12.5014C15.5511 12.389 15.5923 12.2799 15.6687 12.1974L16.5854 11.2798C17.0125 10.86 17.2245 10.4467 17.2214 10.0399C17.2184 9.63305 17.0064 9.21935 16.5854 8.79878L15.6687 7.88115C15.592 7.79886 15.5509 7.68965 15.5541 7.57719V6.2799C15.5533 5.68191 15.4093 5.23878 15.1221 4.95049C14.8348 4.66221 14.3925 4.51806 13.7951 4.51806H12.499C12.4433 4.52036 12.3877 4.51138 12.3355 4.49168C12.2834 4.47197 12.2357 4.44193 12.1954 4.40336L11.2786 3.48574C10.8569 3.06439 10.4436 2.85487 10.0387 2.85717C9.63382 2.85946 9.22054 3.06898 8.79884 3.48574L7.87062 4.40336C7.83164 4.44148 7.78536 4.4713 7.73454 4.49101C7.68373 4.51072 7.62943 4.51993 7.57497 4.51806H6.27091C5.67961 4.51883 5.23995 4.66182 4.95194 4.94705C4.66393 5.23228 4.51992 5.67656 4.51992 6.2799V7.58063C4.52314 7.69309 4.48197 7.80229 4.40533 7.88459L3.48859 8.80222C3.06765 9.22203 2.85718 9.63572 2.85718 10.0433C2.85718 10.4509 3.07033 10.8653 3.49662 11.2867L4.41336 12.2043C4.48979 12.2867 4.53092 12.3958 4.52795 12.5083V13.8056Z"
            fill="#FB118E"
          />
          <path
            d="M9.99737 12.4943C9.86205 12.7005 9.6623 12.8164 9.43032 12.8164C9.19191 12.8164 9.00504 12.7198 8.83106 12.4943L7.31036 10.6385C7.20082 10.5032 7.14282 10.3614 7.14282 10.2068C7.14282 9.88458 7.38768 9.63327 7.70342 9.63327C7.89673 9.63327 8.05138 9.70415 8.20603 9.90391L9.40455 11.4311L11.9498 7.34577C12.0851 7.12669 12.2591 7.02359 12.4524 7.02359C12.7553 7.02359 13.0388 7.23623 13.0388 7.55197C13.0388 7.70017 12.9615 7.85482 12.8777 7.99014L9.99737 12.4943Z"
            fill="white"
          />
        </svg>
      </div>
      <div
        class="c8 css-1tiu9da"
      >
        Azuki #3318
      </div>
    </div>
    <div
      class="c9 c10"
      width="min-content"
    >
      <div
        class="c0 c1 c11"
      >
        <button
          class="c12 c13 c14 c15 c16"
        >
          <svg
            fill="none"
            height="24px"
            viewBox="0 0 24 24"
            width="24px"
            xmlns="http://www.w3.org/2000/svg"
          >
            <path
              clip-rule="evenodd"
              d="M12.6026 20.0871C12.6662 20.4196 12.4253 20.75 12.0867 20.75H6C4 20.75 3 19.75 3 17.75V9.25C3 8.42 3.67 7.75 4.5 7.75H6.75V6.25C6.75 3.91 8.66 2 11 2C13.34 2 15.25 3.91 15.25 6.25V7.75H13.75V6.25C13.75 4.73 12.52 3.5 11 3.5C9.48 3.5 8.25 4.73 8.25 6.25V7.75H13.75V10.75C13.75 11.16 14.09 11.5 14.5 11.5C14.91 11.5 15.25 11.16 15.25 10.75V7.75H17.5C18.33 7.75 19 8.42 19 9.25V12.7291C19 13.0309 18.7343 13.2623 18.4327 13.2528C18.372 13.251 18.3111 13.25 18.25 13.25C15.0744 13.25 12.5 15.8244 12.5 19C12.5 19.3717 12.5353 19.7351 12.6026 20.0871ZM6.75 7.75H8.25V10.75C8.25 11.16 7.91 11.5 7.5 11.5C7.09 11.5 6.75 11.16 6.75 10.75V7.75Z"
              fill="currentColor"
              fill-rule="evenodd"
            />
            <path
              clip-rule="evenodd"
              d="M20.9069 21.5784C22.4696 20.0157 22.4696 17.4843 20.9069 15.9216C19.3441 14.3589 16.8127 14.3589 15.25 15.9216C13.6873 17.4843 13.6873 20.0157 15.25 21.5784C16.8127 23.1411 19.3441 23.1411 20.9069 21.5784ZM18.0958 21.0173C17.8023 21.0173 17.5643 20.7793 17.5643 20.4858L17.5643 19.2939L16.3725 19.2939C16.079 19.2939 15.8411 19.056 15.8411 18.7625C15.8411 18.469 16.079 18.231 16.3725 18.231L17.5643 18.231L17.5643 17.0393C17.5643 16.7458 17.8022 16.5078 18.0957 16.5078C18.3892 16.5078 18.6272 16.7458 18.6272 17.0393L18.6272 18.2311L19.8191 18.2311C20.1126 18.2311 20.3505 18.469 20.3505 18.7625C20.3505 19.056 20.1126 19.294 19.8191 19.294L18.6272 19.2939L18.6272 20.4858C18.6272 20.7793 18.3893 21.0173 18.0958 21.0173Z"
              fill="currentColor"
              fill-rule="evenodd"
            />
          </svg>
          Add to Bag
        </button>
      </div>
    </div>
  </div>
</DocumentFragment>
`;

exports[`Header loads with asset with no sell orders 1`] = `
<DocumentFragment>
  .c0 {
  box-sizing: border-box;
  margin: 0;
  min-width: 0;
}

.c9 {
  box-sizing: border-box;
  margin: 0;
  min-width: 0;
  justify-self: flex-end;
  width: -webkit-min-content;
  width: -moz-min-content;
  width: min-content;
}

.c1 {
  width: 100%;
  display: -webkit-box;
  display: -webkit-flex;
  display: -ms-flexbox;
  display: flex;
  padding: 0;
  -webkit-align-items: center;
  -webkit-box-align: center;
  -ms-flex-align: center;
  align-items: center;
  -webkit-box-pack: start;
  -webkit-justify-content: flex-start;
  -ms-flex-pack: start;
  justify-content: flex-start;
}

.c6 {
  width: 100%;
  display: -webkit-box;
  display: -webkit-flex;
  display: -ms-flexbox;
  display: flex;
  padding: 0;
  -webkit-align-items: center;
  -webkit-box-align: center;
  -ms-flex-align: center;
  align-items: center;
  -webkit-box-pack: start;
  -webkit-justify-content: flex-start;
  -ms-flex-pack: start;
  justify-content: flex-start;
  gap: 4px;
}

.c10 {
  width: -webkit-min-content;
  width: -moz-min-content;
  width: min-content;
  display: -webkit-box;
  display: -webkit-flex;
  display: -ms-flexbox;
  display: flex;
  padding: 0;
  -webkit-align-items: center;
  -webkit-box-align: center;
  -ms-flex-align: center;
  align-items: center;
  -webkit-box-pack: start;
  -webkit-justify-content: flex-start;
  -ms-flex-pack: start;
  justify-content: flex-start;
  gap: 12px;
}

.c7 {
  color: #7780A0;
}

.c8 {
  color: #0D111C;
}

.c4 {
  display: -webkit-box;
  display: -webkit-flex;
  display: -ms-flexbox;
  display: flex;
  -webkit-flex-direction: column;
  -ms-flex-direction: column;
  flex-direction: column;
  -webkit-box-pack: start;
  -webkit-justify-content: flex-start;
  -ms-flex-pack: start;
  justify-content: flex-start;
}

.c2 {
  gap: 24px;
}

.c3 {
  width: 96px;
  height: 96px;
  border-radius: 20px;
  object-fit: cover;
}

.c5 {
  gap: 4px;
  margin-right: auto;
}

@media screen and (max-width:1024px) {
  .c3 {
    display: none;
  }
}

<div
    class="c0 c1 c2"
  >
    <img
      class="c3"
      src="https://cdn.center.app/1/0xED5AF388653567Af2F388E6224dC7C4b3241C544/3318/50ed67ad647d0aa0cad0b830d136a677efc2fb72a44587bc35f2a5fb334a7fdf.png"
    />
    <div
      class="c4 c5"
    >
      <div
        class="c0 c6"
      >
        <div
          class="c7 css-1aekuku"
        >
          Azuki
        </div>
        <svg
          fill="none"
          height="16px"
          viewBox="0 0 20 20"
          width="16px"
          xmlns="http://www.w3.org/2000/svg"
        >
          <path
            d="M4.52795 13.8056C4.52719 14.4043 4.6712 14.8474 4.95997 15.135C5.24798 15.4233 5.68496 15.5651 6.27091 15.5605H7.57497C7.62945 15.5585 7.68379 15.5676 7.73463 15.5873C7.78547 15.607 7.83176 15.6369 7.87062 15.6752L8.79884 16.5928C9.22054 17.0142 9.63382 17.2237 10.0387 17.2214C10.4436 17.2191 10.8569 17.0096 11.2786 16.5928L12.1954 15.6752C12.2356 15.6365 12.2832 15.6063 12.3354 15.5866C12.3876 15.5669 12.4433 15.558 12.499 15.5605H13.7951C14.3871 15.5613 14.8283 15.4171 15.1186 15.1281C15.4089 14.839 15.5541 14.3959 15.5541 13.7987V12.5014C15.5511 12.389 15.5923 12.2799 15.6687 12.1974L16.5854 11.2798C17.0125 10.86 17.2245 10.4467 17.2214 10.0399C17.2184 9.63305 17.0064 9.21935 16.5854 8.79878L15.6687 7.88115C15.592 7.79886 15.5509 7.68965 15.5541 7.57719V6.2799C15.5533 5.68191 15.4093 5.23878 15.1221 4.95049C14.8348 4.66221 14.3925 4.51806 13.7951 4.51806H12.499C12.4433 4.52036 12.3877 4.51138 12.3355 4.49168C12.2834 4.47197 12.2357 4.44193 12.1954 4.40336L11.2786 3.48574C10.8569 3.06439 10.4436 2.85487 10.0387 2.85717C9.63382 2.85946 9.22054 3.06898 8.79884 3.48574L7.87062 4.40336C7.83164 4.44148 7.78536 4.4713 7.73454 4.49101C7.68373 4.51072 7.62943 4.51993 7.57497 4.51806H6.27091C5.67961 4.51883 5.23995 4.66182 4.95194 4.94705C4.66393 5.23228 4.51992 5.67656 4.51992 6.2799V7.58063C4.52314 7.69309 4.48197 7.80229 4.40533 7.88459L3.48859 8.80222C3.06765 9.22203 2.85718 9.63572 2.85718 10.0433C2.85718 10.4509 3.07033 10.8653 3.49662 11.2867L4.41336 12.2043C4.48979 12.2867 4.53092 12.3958 4.52795 12.5083V13.8056Z"
            fill="#FB118E"
          />
          <path
            d="M9.99737 12.4943C9.86205 12.7005 9.6623 12.8164 9.43032 12.8164C9.19191 12.8164 9.00504 12.7198 8.83106 12.4943L7.31036 10.6385C7.20082 10.5032 7.14282 10.3614 7.14282 10.2068C7.14282 9.88458 7.38768 9.63327 7.70342 9.63327C7.89673 9.63327 8.05138 9.70415 8.20603 9.90391L9.40455 11.4311L11.9498 7.34577C12.0851 7.12669 12.2591 7.02359 12.4524 7.02359C12.7553 7.02359 13.0388 7.23623 13.0388 7.55197C13.0388 7.70017 12.9615 7.85482 12.8777 7.99014L9.99737 12.4943Z"
            fill="white"
          />
        </svg>
      </div>
      <div
        class="c8 css-1tiu9da"
      >
        Azuki #3318
      </div>
    </div>
    <div
      class="c9 c10"
      width="min-content"
    />
  </div>
</DocumentFragment>
`;
