// Jest Snapshot v1, https://goo.gl/fbAQLP

exports[`SeedPhraseInputScreen seed phrase initial screen rendering 1`] = `
<View
  style={
    [
      {
        "backgroundColor": "#FFFFFF",
        "display": "flex",
        "flex": 1,
      },
      {
        "paddingLeft": undefined,
        "paddingRight": undefined,
      },
    ]
  }
>
  <View
    onLayout={[Function]}
    style={
      [
        [
          {
            "flex": 1,
            "justifyContent": "flex-end",
          },
          {
            "marginBottom": 10,
          },
        ],
        {
          "paddingBottom": 0,
        },
      ]
    }
  >
    <RCTScrollView
      bounces={false}
      keyboardShouldPersistTaps="handled"
    >
      <View>
        <View
          style={
            [
              {
                "alignItems": "stretch",
                "display": "flex",
                "flexDirection": "column",
                "justifyContent": "flex-start",
                "minHeight": 0,
                "paddingBottom": 16,
                "paddingHorizontal": 16,
              },
              [
                {
                  "flexGrow": 1,
                },
                {
                  "paddingTop": 200,
                },
              ],
            ]
          }
        >
          <View
            style={
              [
                {
                  "alignItems": "stretch",
                  "display": "flex",
                  "flexDirection": "column",
                  "justifyContent": "flex-start",
                  "margin": 12,
                },
              ]
            }
          >
            <Text
              allowFontScaling={true}
              maxFontSizeMultiplier={1.2}
              style={
                [
                  {
                    "color": "#0E1524",
                    "display": "flex",
                    "fontFamily": "Inter-Medium",
                    "fontSize": 24,
                    "lineHeight": 28,
                    "paddingTop": 0,
                    "textAlign": "center",
                  },
                ]
              }
            >
              Enter your recovery phrase
            </Text>
            <View
              style={
                [
                  {
                    "display": "flex",
                    "flexGrow": 0,
                    "flexShrink": 0,
                    "height": 12,
                  },
                ]
              }
            />
            <Text
              allowFontScaling={true}
              maxFontSizeMultiplier={1.4}
              style={
                [
                  {
                    "color": "#5D6785",
                    "display": "flex",
                    "fontFamily": "Inter-Regular",
                    "fontSize": 15,
                    "lineHeight": 20,
                    "textAlign": "center",
                  },
                ]
              }
            >
              Your recovery phrase will only be stored locally on your device.
            </Text>
          </View>
          <View
            style={
              [
                {
                  "display": "flex",
                  "flexGrow": 0,
                  "flexShrink": 0,
                  "height": 16,
                },
              ]
            }
          />
          <View
            style={
              [
                {
                  "alignItems": "stretch",
                  "display": "flex",
                  "flexDirection": "column",
                  "flexGrow": 1,
                  "justifyContent": "space-between",
                },
              ]
            }
          >
            <View
              style={
                [
                  {
                    "alignItems": "stretch",
                    "display": "flex",
                    "flexDirection": "column",
                    "justifyContent": "flex-start",
                  },
                ]
              }
            >
              <View
                onTouchEnd={[Function]}
                style={
                  [
                    {
                      "alignItems": "stretch",
                      "display": "flex",
                      "flexDirection": "column",
                      "justifyContent": "flex-start",
                    },
                  ]
                }
              >
                <View
                  style={
                    [
                      {
                        "alignItems": "center",
                        "backgroundColor": "#FFFFFF",
                        "borderColor": "#F5F6FC",
                        "borderRadius": 20,
                        "borderWidth": 1,
                        "display": "flex",
                        "flexDirection": "column",
                        "flexShrink": 1,
                        "justifyContent": "center",
                        "minHeight": 120,
                        "paddingHorizontal": 36,
                        "paddingVertical": 16,
                        "width": "100%",
                      },
                    ]
                  }
                >
                  <View
                    style={
                      [
                        {
                          "alignItems": "flex-end",
                          "display": "flex",
                          "flexDirection": "row",
                          "justifyContent": "center",
                          "width": "100%",
                        },
                      ]
                    }
                  >
                    <TextInput
                      autoCapitalize="none"
                      autoComplete="off"
                      autoCorrect={true}
                      autoFocus={true}
                      blurOnSubmit={true}
                      maxFontSizeMultiplier={1.4}
                      multiline={true}
                      numberOfLines={4}
                      onBlur={[Function]}
                      onChangeText={[Function]}
                      onFocus={[Function]}
                      onSubmitEditing={[Function]}
                      placeholderTextColor="#888FAB"
                      returnKeyType="done"
                      scrollEnabled={false}
                      selectionColor="#0E1524"
                      spellCheck={false}
                      style={
                        [
                          {
                            "backgroundColor": "transparent",
                            "borderRadius": 12,
                            "color": "#0E1524",
                            "fontSize": 17,
                            "justifyContent": "center",
                            "lineHeight": 17,
                            "paddingHorizontal": 0,
                            "paddingVertical": 0,
                            "textAlign": "left",
                            "width": 8,
                          },
                        ]
                      }
                      testID="import_account_form/input"
                    />
                  </View>
                  <View
                    style={
                      [
                        {
                          "display": "flex",
                          "flexGrow": 0,
                          "flexShrink": 0,
                          "height": 0,
                        },
                      ]
                    }
                  />
                  <View
                    onLayout={[Function]}
                    style={
                      [
                        {
                          "alignItems": "center",
                          "display": "flex",
                          "flexDirection": "row",
                          "flexGrow": 1,
                          "justifyContent": "center",
                          "paddingTop": 4,
                          "position": "absolute",
                        },
                      ]
                    }
                  >
                    <Text
                      adjustsFontSizeToFit={true}
                      allowFontScaling={true}
                      maxFontSizeMultiplier={1.4}
                      numberOfLines={1}
                      style={
                        [
                          {
                            "color": "#5D6785",
                            "display": "flex",
                            "fontFamily": "Inter-Medium",
                            "fontSize": 17,
                            "lineHeight": 24,
                          },
                          {
                            "flexShrink": 1,
                          },
                        ]
                      }
                    >
                      Type or
                    </Text>
                    <View
                      style={
                        [
                          {
                            "display": "flex",
                            "flexGrow": 0,
                            "flexShrink": 0,
                            "height": 8,
                            "width": 8,
                          },
                        ]
                      }
                    />
                    <View
                      accessibilityState={
                        {
                          "disabled": false,
                        }
                      }
                      accessible={true}
                      collapsable={false}
                      focusable={true}
                      hitSlop={
                        {
                          "bottom": 5,
                          "left": 5,
                          "right": 5,
                          "top": 5,
                        }
                      }
                      onClick={[Function]}
                      onResponderGrant={[Function]}
                      onResponderMove={[Function]}
                      onResponderRelease={[Function]}
                      onResponderTerminate={[Function]}
                      onResponderTerminationRequest={[Function]}
                      onStartShouldSetResponder={[Function]}
                      style={
                        {
                          "alignItems": "center",
                          "backgroundColor": "#E8ECFB",
                          "borderColor": "transparent",
                          "borderRadius": 8,
                          "borderWidth": 1,
                          "display": "flex",
                          "opacity": 1,
                        }
                      }
                    >
                      <View
                        style={
                          [
                            {
                              "alignItems": "center",
                              "display": "flex",
                              "flexDirection": "row",
                              "justifyContent": "center",
                              "paddingHorizontal": 8,
                              "paddingVertical": 8,
                            },
                          ]
                        }
                      >
                        <svg
                          color="#0E1524"
                          data-file-name="SvgPaste"
                          height={16}
                          strokeWidth={2}
                          width={16}
                        />
                        <View
                          style={
                            [
                              {
                                "display": "flex",
                                "flexGrow": 0,
                                "flexShrink": 0,
                                "height": 4,
                                "width": 4,
                              },
                            ]
                          }
                        />
                        <Text
                          allowFontScaling={true}
                          maxFontSizeMultiplier={1.2}
                          style={
                            [
                              {
                                "color": "#0E1524",
                                "display": "flex",
                                "fontFamily": "Inter-SemiBold",
                                "fontSize": 15,
                                "lineHeight": 20,
                                "textAlign": "center",
                              },
                            ]
                          }
                        >
                          Paste
                        </Text>
                      </View>
                    </View>
                    <View
                      style={
                        [
                          {
                            "display": "flex",
                            "flexGrow": 0,
                            "flexShrink": 0,
                            "height": 8,
                            "width": 8,
                          },
                        ]
                      }
                    />
                    <Text
                      adjustsFontSizeToFit={true}
                      allowFontScaling={true}
                      maxFontSizeMultiplier={1.4}
                      numberOfLines={1}
                      style={
                        [
                          {
                            "color": "#5D6785",
                            "display": "flex",
                            "fontFamily": "Inter-Medium",
                            "fontSize": 17,
                            "lineHeight": 24,
                          },
                          {
                            "flexShrink": 1,
                          },
                        ]
                      }
                    >
                      recovery phrase
                    </Text>
                  </View>
                </View>
                <View
                  style={
                    [
                      {
                        "display": "flex",
                        "flexGrow": 0,
                        "flexShrink": 0,
                        "height": 16,
                      },
                    ]
                  }
                />
                <View
                  style={
                    [
                      {
                        "alignItems": "stretch",
                        "display": "flex",
                        "flexDirection": "column",
                        "justifyContent": "flex-start",
                      },
                    ]
                  }
                />
              </View>
            </View>
            <View
              style={
                [
                  {
                    "display": "flex",
                    "flexGrow": 0,
                    "flexShrink": 0,
                    "height": 16,
                  },
                ]
              }
            />
            <View
              style={
                [
                  {
                    "display": "flex",
                    "paddingBottom": 4,
                  },
                ]
              }
            >
              <View
                accessibilityState={
                  {
                    "disabled": false,
                  }
                }
                accessible={true}
                collapsable={false}
                focusable={true}
                hitSlop={
                  {
                    "bottom": 5,
                    "left": 5,
                    "right": 5,
                    "top": 5,
                  }
                }
                onClick={[Function]}
                onResponderGrant={[Function]}
                onResponderMove={[Function]}
                onResponderRelease={[Function]}
                onResponderTerminate={[Function]}
                onResponderTerminationRequest={[Function]}
                onStartShouldSetResponder={[Function]}
                style={
                  {
                    "alignItems": "center",
                    "backgroundColor": "#FC72FF",
                    "borderColor": "transparent",
                    "borderRadius": 16,
                    "borderWidth": 1,
                    "display": "flex",
                    "opacity": 1,
                  }
                }
                testID="next"
              >
                <View
                  style={
                    [
                      {
                        "alignItems": "stretch",
                        "borderRadius": 16,
                        "display": "flex",
                        "flexDirection": "column",
                        "height": "100%",
                        "justifyContent": "flex-start",
                        "overflow": "hidden",
                        "position": "absolute",
                        "width": "100%",
                      },
                    ]
                  }
                >
                  <RNSVGSvgView
                    bbHeight="100%"
                    bbWidth="100%"
                    focusable={false}
                    height="100%"
                    style={
                      [
                        {
                          "backgroundColor": "transparent",
                          "borderWidth": 0,
                        },
                        {
                          "flex": 0,
                          "height": "100%",
                          "width": "100%",
                        },
                      ]
                    }
                    width="100%"
                  >
                    <RNSVGGroup
                      fill={
                        {
                          "payload": 4278190080,
                          "type": 0,
                        }
                      }
                    >
                      <RNSVGDefs>
                        <RNSVGLinearGradient
                          gradient={
                            [
                              0,
                              -958215,
                              1,
                              -2011415,
                            ]
                          }
                          gradientTransform={null}
                          gradientUnits={0}
                          name="background"
                          x1="0%"
                          x2="0%"
                          y1="0%"
                          y2="100%"
                        />
                      </RNSVGDefs>
                      <RNSVGRect
                        fill={
                          {
                            "brushRef": "background",
                            "type": 1,
                          }
                        }
                        height="150%"
                        opacity={1}
                        propList={
                          [
                            "fill",
                          ]
                        }
                        width="100%"
                        x="0"
                        y="0"
                      />
                    </RNSVGGroup>
                  </RNSVGSvgView>
                </View>
                <View
                  style={
                    [
                      {
                        "alignItems": "center",
                        "display": "flex",
                        "flexDirection": "row",
                        "justifyContent": "center",
                        "paddingHorizontal": 12,
                        "paddingVertical": 12,
                      },
                    ]
                  }
                >
                  <Text
                    allowFontScaling={true}
                    maxFontSizeMultiplier={1.2}
                    style={
                      [
                        {
                          "color": "#FFFFFF",
                          "display": "flex",
                          "fontFamily": "Inter-SemiBold",
                          "fontSize": 17,
                          "lineHeight": 20,
                          "textAlign": "center",
                        },
                      ]
                    }
                  >
                    Continue
                  </Text>
                </View>
              </View>
            </View>
          </View>
        </View>
      </View>
    </RCTScrollView>
  </View>
  ExpoLinearGradient
</View>
`;
