// Jest Snapshot v1, https://goo.gl/fbAQLP

exports[`renders currency rows correctly when currencies list is non-empty 1`] = `
<DocumentFragment>
  <div
    style="position: relative; height: 10px; width: 100%; overflow: auto; will-change: transform; direction: ltr;"
  >
    <div
      style="height: 168px; width: 100%;"
    >
      <div
<<<<<<< HEAD
        class="sc-bczRLJ Row-sc-u7azg8-0 Row__RowBetween-sc-u7azg8-1 styleds__MenuItem-sc-muzgnq-3 jITePI ivqEIR ggnFPk eWoDRm token-item-0x6B175474E89094C44Da98b954EedeAC495271d0F"
=======
        class="sc-bczRLJ Row-sc-nrd8cx-0 Row__RowBetween-sc-nrd8cx-1 styleds__MenuItem-sc-1xp9ndq-3 jITePI cSETNY ekbhWd dxhejL token-item-0x6B175474E89094C44Da98b954EedeAC495271d0F"
>>>>>>> main
        style="position: absolute; left: 0px; top: 0px; height: 56px; width: 100%;"
        tabindex="0"
      >
        CurrencyLogo currency=DAI
        <div
<<<<<<< HEAD
          class="Column-sc-1r2yyln-0 fYuTXx"
=======
          class="Column-sc-1kykgp9-0 gdySCE"
>>>>>>> main
        >
          <div
            class="css-8mokm4"
            title="Dai Stablecoin"
          >
            DAI
          </div>
          <div
<<<<<<< HEAD
            class="theme__TextWrapper-sc-5lu8um-0 kXbKKr css-165qfk5"
=======
            class="theme__TextWrapper-sc-18nh1jk-0 gykQyY css-165qfk5"
>>>>>>> main
          >
            Dai Stablecoin
          </div>
        </div>
        <span />
      </div>
      <div
<<<<<<< HEAD
        class="sc-bczRLJ Row-sc-u7azg8-0 Row__RowBetween-sc-u7azg8-1 styleds__MenuItem-sc-muzgnq-3 jITePI ivqEIR ggnFPk eWoDRm token-item-0xA0b86991c6218b36c1d19D4a2e9Eb0cE3606eB48"
=======
        class="sc-bczRLJ Row-sc-nrd8cx-0 Row__RowBetween-sc-nrd8cx-1 styleds__MenuItem-sc-1xp9ndq-3 jITePI cSETNY ekbhWd dxhejL token-item-0xA0b86991c6218b36c1d19D4a2e9Eb0cE3606eB48"
>>>>>>> main
        style="position: absolute; left: 0px; top: 56px; height: 56px; width: 100%;"
        tabindex="0"
      >
        CurrencyLogo currency=USDC
        <div
<<<<<<< HEAD
          class="Column-sc-1r2yyln-0 fYuTXx"
=======
          class="Column-sc-1kykgp9-0 gdySCE"
>>>>>>> main
        >
          <div
            class="css-8mokm4"
            title="USD//C"
          >
            USDC
          </div>
          <div
<<<<<<< HEAD
            class="theme__TextWrapper-sc-5lu8um-0 kXbKKr css-165qfk5"
=======
            class="theme__TextWrapper-sc-18nh1jk-0 gykQyY css-165qfk5"
>>>>>>> main
          >
            USD//C
          </div>
        </div>
        <span />
      </div>
      <div
<<<<<<< HEAD
        class="sc-bczRLJ Row-sc-u7azg8-0 Row__RowBetween-sc-u7azg8-1 styleds__MenuItem-sc-muzgnq-3 jITePI ivqEIR ggnFPk eWoDRm token-item-0x2260FAC5E5542a773Aa44fBCfeDf7C193bc2C599"
=======
        class="sc-bczRLJ Row-sc-nrd8cx-0 Row__RowBetween-sc-nrd8cx-1 styleds__MenuItem-sc-1xp9ndq-3 jITePI cSETNY ekbhWd dxhejL token-item-0x2260FAC5E5542a773Aa44fBCfeDf7C193bc2C599"
>>>>>>> main
        style="position: absolute; left: 0px; top: 112px; height: 56px; width: 100%;"
        tabindex="0"
      >
        CurrencyLogo currency=WBTC
        <div
<<<<<<< HEAD
          class="Column-sc-1r2yyln-0 fYuTXx"
=======
          class="Column-sc-1kykgp9-0 gdySCE"
>>>>>>> main
        >
          <div
            class="css-8mokm4"
            title="Wrapped BTC"
          >
            WBTC
          </div>
          <div
<<<<<<< HEAD
            class="theme__TextWrapper-sc-5lu8um-0 kXbKKr css-165qfk5"
=======
            class="theme__TextWrapper-sc-18nh1jk-0 gykQyY css-165qfk5"
>>>>>>> main
          >
            Wrapped BTC
          </div>
        </div>
        <span />
      </div>
    </div>
  </div>
</DocumentFragment>
`;

exports[`renders loading rows when isLoading is true 1`] = `
<DocumentFragment>
  <div
    style="position: relative; height: 10px; width: 100%; overflow: auto; will-change: transform; direction: ltr;"
  >
    <div
      style="height: 0px; width: 100%;"
    />
  </div>
</DocumentFragment>
`;
